  Determining projects to restore...
  All projects are up-to-date for restore.
  HexLib -> C:\Projects\HexLib\HexLib\bin\Debug\net10.0\HexLib.dll
  HexLibConsole -> C:\Projects\HexLib\HexLibConsole\bin\Debug\net10.0\HexLibConsole.dll
  ASL -> C:\Projects\HexLib\ASL\bin\Debug\net10.0\ASL.dll
  HexLib.Tests -> C:\Projects\HexLib\HexLib.Tests\bin\Debug\net10.0\HexLib.Tests.dll
  ASLInputTool -> C:\Projects\HexLib\ASLInputTool\bin\Debug\net10.0-windows\ASLInputTool.dll
C:\Projects\HexLib\ASL.Tests\InfantryCounterTests.cs(34,25): error CS7036: There is no argument given that corresponds to the required parameter 'nationality' of 'Squad.Squad(string, int, int, int, UnitClass, Nationality)' [C:\Projects\HexLib\ASL.Tests\ASL.Tests.csproj]
C:\Projects\HexLib\ASL.Tests\InfantryCounterTests.cs(65,25): error CS7036: There is no argument given that corresponds to the required parameter 'nationality' of 'Squad.Squad(string, int, int, int, UnitClass, Nationality)' [C:\Projects\HexLib\ASL.Tests\ASL.Tests.csproj]
C:\Projects\HexLib\ASL.Tests\ScenarioTests.cs(26,28): error CS1729: 'Scenario' does not contain a constructor that takes 3 arguments [C:\Projects\HexLib\ASL.Tests\ASL.Tests.csproj]
C:\Projects\HexLib\ASL.Tests\ScenarioTests.cs(32,59): error CS1061: 'ScenarioDescription' does not contain a definition for 'HistoricalDescription' and no accessible extension method 'HistoricalDescription' accepting a first argument of type 'ScenarioDescription' could be found (are you missing a using directive or an assembly reference?) [C:\Projects\HexLib\ASL.Tests\ASL.Tests.csproj]
C:\Projects\HexLib\ASL.Tests\ScenarioTests.cs(49,14): error CS1061: 'ScenarioDescription' does not contain a definition for 'DateValue' and no accessible extension method 'DateValue' accepting a first argument of type 'ScenarioDescription' could be found (are you missing a using directive or an assembly reference?) [C:\Projects\HexLib\ASL.Tests\ASL.Tests.csproj]
C:\Projects\HexLib\ASL.Tests\ScenarioTests.cs(51,53): error CS1061: 'ScenarioDescription' does not contain a definition for 'DateValue' and no accessible extension method 'DateValue' accepting a first argument of type 'ScenarioDescription' could be found (are you missing a using directive or an assembly reference?) [C:\Projects\HexLib\ASL.Tests\ASL.Tests.csproj]

Build FAILED.

C:\Projects\HexLib\ASL.Tests\InfantryCounterTests.cs(34,25): error CS7036: There is no argument given that corresponds to the required parameter 'nationality' of 'Squad.Squad(string, int, int, int, UnitClass, Nationality)' [C:\Projects\HexLib\ASL.Tests\ASL.Tests.csproj]
C:\Projects\HexLib\ASL.Tests\InfantryCounterTests.cs(65,25): error CS7036: There is no argument given that corresponds to the required parameter 'nationality' of 'Squad.Squad(string, int, int, int, UnitClass, Nationality)' [C:\Projects\HexLib\ASL.Tests\ASL.Tests.csproj]
C:\Projects\HexLib\ASL.Tests\ScenarioTests.cs(26,28): error CS1729: 'Scenario' does not contain a constructor that takes 3 arguments [C:\Projects\HexLib\ASL.Tests\ASL.Tests.csproj]
C:\Projects\HexLib\ASL.Tests\ScenarioTests.cs(32,59): error CS1061: 'ScenarioDescription' does not contain a definition for 'HistoricalDescription' and no accessible extension method 'HistoricalDescription' accepting a first argument of type 'ScenarioDescription' could be found (are you missing a using directive or an assembly reference?) [C:\Projects\HexLib\ASL.Tests\ASL.Tests.csproj]
C:\Projects\HexLib\ASL.Tests\ScenarioTests.cs(49,14): error CS1061: 'ScenarioDescription' does not contain a definition for 'DateValue' and no accessible extension method 'DateValue' accepting a first argument of type 'ScenarioDescription' could be found (are you missing a using directive or an assembly reference?) [C:\Projects\HexLib\ASL.Tests\ASL.Tests.csproj]
C:\Projects\HexLib\ASL.Tests\ScenarioTests.cs(51,53): error CS1061: 'ScenarioDescription' does not contain a definition for 'DateValue' and no accessible extension method 'DateValue' accepting a first argument of type 'ScenarioDescription' could be found (are you missing a using directive or an assembly reference?) [C:\Projects\HexLib\ASL.Tests\ASL.Tests.csproj]
    0 Warning(s)
    6 Error(s)

Time Elapsed 00:00:09.43
