  Determining projects to restore...
  All projects are up-to-date for restore.
  HexLib -> D:\Git\HexLib\HexLib\bin\Debug\net10.0\HexLib.dll
  ASL -> d:\Git\HexLib\ASL\bin\Debug\net10.0\ASL.dll
D:\Git\HexLib\ASLInputTool\MainWindow.xaml(13,80): error MC3072: The property 'Padding' does not exist in XML namespace 'http://schemas.microsoft.com/winfx/2006/xaml/presentation'. Line 13 Position 80. [D:\Git\HexLib\ASLInputTool\ASLInputTool.csproj]

Build FAILED.

D:\Git\HexLib\ASLInputTool\MainWindow.xaml(13,80): error MC3072: The property 'Padding' does not exist in XML namespace 'http://schemas.microsoft.com/winfx/2006/xaml/presentation'. Line 13 Position 80. [D:\Git\HexLib\ASLInputTool\ASLInputTool.csproj]
    0 Warning(s)
    1 Error(s)

Time Elapsed 00:00:00.65
